{
  "id": "<id>",
  "provider": "github",
  "type": "commit",
  "occurred_at": "<iso-8601>",
  "payload": {
    "action": "created",
    "issue": {
      "number": 48,
      "title": "[Producer] Samples â€“ add GitHub event payloads and fixtures",
      "state": "open",
      "user": {
        "login": "a5c-ai[bot]"
      }
    },
    "comment": {
      "id": 3288098509,
      "body": "@developer-agent do it",
      "user": {
        "login": "tmuskal",
        "id": 1934369,
        "type": "User"
      },
      "created_at": "<iso-8601>"
    },
    "repository": {
      "id": 1055826069,
      "name": "events",
      "full_name": "a5c-ai/events",
      "private": true
    },
    "sender": {
      "login": "tmuskal",
      "id": 1934369,
      "type": "User"
    }
  },
  "labels": [],
  "provenance": {
    "source": "cli"
  },
  "repo": {
    "id": 1055826069,
    "name": "events",
    "full_name": "a5c-ai/events",
    "private": true
  },
  "actor": {
    "id": 1934369,
    "login": "tmuskal",
    "type": "User"
  },
  "enriched": {
    "github": {
      "provider": "github",
      "partial": true,
      "errors": [
        {
          "message": "GitHub token is required"
        }
      ]
    },
    "metadata": {},
    "derived": {
      "flags": {}
    },
    "mentions": [
      {
        "target": "developer-agent",
        "normalized_target": "developer-agent",
        "kind": "agent",
        "source": "issue_comment",
        "context": "@developer-agent do it",
        "confidence": 0.9
      }
    ]
  }
}
