{
  "id": "<sha>",
  "provider": "github",
  "type": "push",
  "occurred_at": "<iso-8601>",
  "payload": {
    "ref": "refs/heads/a5c/main",
    "before": "<sha>",
    "after": "<sha>",
    "repository": {
      "id": 1055826069,
      "name": "events",
      "full_name": "a5c-ai/events",
      "private": true
    },
    "pusher": {
      "name": "a5c-ai[bot]",
      "email": "agent@a5c.ai"
    },
    "sender": {
      "login": "a5c-ai[bot]",
      "type": "Bot",
      "id": 221166651
    },
    "created": false,
    "deleted": false,
    "forced": false,
    "commits": [
      {
        "id": "<sha>",
        "message": "chore: update docs",
        "timestamp": "<iso-8601>",
        "author": "REDACTED"
      },
      {
        "id": "<sha>",
        "message": "feat: add samples @developer-agent",
        "timestamp": "<iso-8601>",
        "author": "REDACTED"
      },
      {
        "id": "<sha>",
        "message": "fix: CI tweaks",
        "timestamp": "<iso-8601>",
        "author": "REDACTED"
      }
    ],
    "head_commit": {
      "id": "<sha>",
      "message": "chore: update docs"
    }
  },
  "labels": [],
  "provenance": {
    "source": "cli"
  },
  "enriched": {
    "github": {
      "provider": "github",
      "partial": true,
      "reason": "github_enrich_disabled"
    },
    "metadata": {},
    "derived": {
      "flags": {}
    },
    "mentions": [
      {
        "target": "developer-agent",
        "normalized_target": "developer-agent",
        "kind": "agent",
        "source": "commit_message",
        "context": "feat: add samples @developer-agent",
        "confidence": 0.9
      }
    ]
  }
}
